// Vitest Snapshot v1, https://vitest.dev/guide/snapshot.html

exports[`matches snapshot 1`] = `
<div
  class="flex flex-col items-center justify-center gap-4 p-8 text-center"
>
  <div
    aria-hidden="true"
    class="text-6xl"
  >
    <svg
      data-testid="icon"
    />
  </div>
  <div>
    <h3
      class="text-lg font-semibold"
    >
      Nothing here
    </h3>
    <p
      class="mt-2 text-sm text-gray-600"
    >
      There is currently no data to display
    </p>
  </div>
  <div>
    <button
      type="button"
    >
      Action
    </button>
  </div>
</div>
`;
