// Vitest Snapshot v1, https://vitest.dev/guide/snapshot.html

exports[`matches snapshot 1`] = `
<ol
  class="flex gap-2"
>
  <li
    class="rounded px-3 py-1 bg-[var(--mxc-sheet)] text-[var(--mxc-fg-subtle)]"
  >
    Step 1
  </li>
  <li
    class="rounded px-3 py-1 bg-[var(--mxc-topbar-bg)] text-[var(--mxc-topbar-fg)]"
  >
    Step 2
  </li>
  <li
    class="rounded px-3 py-1 bg-[var(--mxc-sheet)] text-[var(--mxc-fg-subtle)]"
  >
    Step 3
  </li>
</ol>
`;
